
────────────────────────────────────────────────────────────────
  Recording http://localhost:8080/metrics for 60s
────────────────────────────────────────────────────────────────
  Drive load in another terminal (make load-50) or these will all read idle.

   busy_slots= 3.86  processing=  0  deferred=  0  tok_pred=    5786
   busy_slots= 3.87  processing=  4  deferred= 43  tok_pred=    5978
   busy_slots= 3.87  processing=  4  deferred= 45  tok_pred=    6170
   busy_slots= 3.88  processing=  4  deferred= 45  tok_pred=    6353
   busy_slots= 3.88  processing=  4  deferred= 42  tok_pred=    6545
   busy_slots= 3.88  processing=  4  deferred= 45  tok_pred=    6593
   busy_slots= 3.89  processing=  4  deferred= 45  tok_pred=    6689
   busy_slots= 3.89  processing=  4  deferred= 44  tok_pred=    6929
   busy_slots= 3.89  processing=  4  deferred= 45  tok_pred=    6977
   busy_slots= 3.89  processing=  4  deferred= 46  tok_pred=    7313
   busy_slots= 3.90  processing=  4  deferred= 46  tok_pred=    7499
   busy_slots= 3.90  processing=  4  deferred= 45  tok_pred=    7691
   busy_slots= 3.90  processing=  4  deferred= 43  tok_pred=    8027
   busy_slots= 3.90  processing=  4  deferred= 45  tok_pred=    8075
   busy_slots= 3.91  processing=  4  deferred= 46  tok_pred=    8219
   busy_slots= 3.91  processing=  4  deferred= 43  tok_pred=    8411
   busy_slots= 3.91  processing=  4  deferred= 44  tok_pred=    8555
   busy_slots= 3.91  processing=  4  deferred= 44  tok_pred=    8835
   busy_slots= 3.91  processing=  4  deferred= 44  tok_pred=    9027
   busy_slots= 3.91  processing=  4  deferred= 46  tok_pred=    9219
   busy_slots= 3.92  processing=  4  deferred= 46  tok_pred=    9363
   busy_slots= 3.92  processing=  4  deferred= 46  tok_pred=    9555
   busy_slots= 3.92  processing=  4  deferred= 46  tok_pred=    9699
   busy_slots= 3.92  processing=  4  deferred= 46  tok_pred=    9939
   busy_slots= 3.92  processing=  4  deferred= 45  tok_pred=   10227
   busy_slots= 3.92  processing=  4  deferred= 46  tok_pred=   10275
   busy_slots= 3.93  processing=  4  deferred= 45  tok_pred=   10515
   busy_slots= 3.93  processing=  4  deferred= 45  tok_pred=   10790
   busy_slots= 3.93  processing=  4  deferred= 44  tok_pred=   11030
   busy_slots= 3.93  processing=  4  deferred= 42  tok_pred=   11308

==> Wrote benchmarks/02-server-metrics-u50.csv
==> Wrote benchmarks/02-server-batching-u50.md

  Highest sampled n_busy_slots_per_decode = 3.93 of 4 slots
